// Jest Snapshot v1, https://goo.gl/fbAQLP

exports[`InvestmentsPage renders with data 1`] = `
<div>
  <span
    class="text-xl font-medium pb-4"
  >
    Your Investments
  </span>
  <div
    class="grid grid-cols-12"
  >
    <div
      class="col-span-4"
    >
      <div
        data-testid="WeightsChart"
      />
    </div>
    <div
      class="col-span-8"
    >
      <div
        class="grid grid-cols-12"
      >
        <div
          class="col-span-4"
        >
          <div
            data-testid="StatisticsWidget"
          />
        </div>
        <div
          class="col-span-4"
        >
          <div
            data-testid="StatisticsWidget"
          />
        </div>
        <div
          class="col-span-4"
        >
          <div
            data-testid="StatisticsWidget"
          />
        </div>
      </div>
      <div
        data-testid="DividendChart"
      />
    </div>
  </div>
  <div
    class="py-4"
  >
    <div
      data-testid="InvestmentsTable"
    />
  </div>
</div>
`;

exports[`InvestmentsPage renders with different mainCurrency 1`] = `
<div>
  <span
    class="text-xl font-medium pb-4"
  >
    Your Investments
  </span>
  <div
    class="grid grid-cols-12"
  >
    <div
      class="col-span-4"
    >
      <div
        data-testid="WeightsChart"
      />
    </div>
    <div
      class="col-span-8"
    >
      <div
        class="grid grid-cols-12"
      >
        <div
          class="col-span-4"
        >
          <div
            data-testid="StatisticsWidget"
          />
        </div>
        <div
          class="col-span-4"
        >
          <div
            data-testid="StatisticsWidget"
          />
        </div>
        <div
          class="col-span-4"
        >
          <div
            data-testid="StatisticsWidget"
          />
        </div>
      </div>
      <div
        data-testid="DividendChart"
      />
    </div>
  </div>
  <div
    class="py-4"
  >
    <div
      data-testid="InvestmentsTable"
    />
  </div>
</div>
`;
