// Jest Snapshot v1, https://goo.gl/fbAQLP

exports[`DashboardLayout renders as expected when datasource available 1`] = `
<div>
  <div
    class="w-full h-full overflow-hidden"
  >
    <div
      data-testid="LeftSidebar"
    />
    <div
      class="mt-20 ml-20 p-3 pb-7"
    >
      <div
        data-testid="DashboardPage"
      />
    </div>
    <div
      data-testid="Footer"
    />
  </div>
</div>
`;
