// Jest Snapshot v1, https://goo.gl/fbAQLP

exports[`DashboardLayout renders as expected when user and datasource available 1`] = `
<div>
  <div
    class="w-full h-full overflow-hidden"
  >
    <div
      data-testid="LeftSidebar"
    />
    <div
      class="mt-20 ml-20 p-3 pb-7"
    >
      <div
        data-testid="Topbar"
      />
      <span
        data-testid="child"
      >
        child
      </span>
    </div>
    <div
      data-testid="Footer"
    />
  </div>
</div>
`;

exports[`DashboardLayout returns loading when datasource not available 1`] = `
<div>
  <div
    class="flex h-screen text-sm place-content-center place-items-center"
  >
    <div
      class="flex h-full text-sm place-content-center place-items-center"
    >
      <svg
        class="text-3xl animate-spin"
        fill="currentColor"
        height="1em"
        stroke="currentColor"
        stroke-width="0"
        viewBox="0 0 24 24"
        width="1em"
        xmlns="http://www.w3.org/2000/svg"
      >
        <path
          d="M2 11h5v2H2zm15 0h5v2h-5zm-6 6h2v5h-2zm0-15h2v5h-2zM4.222 5.636l1.414-1.414 3.536 3.536-1.414 1.414zm15.556 12.728-1.414 1.414-3.536-3.536 1.414-1.414zm-12.02-3.536 1.414 1.414-3.536 3.536-1.414-1.414zm7.07-7.071 3.536-3.535 1.414 1.415-3.536 3.535z"
        />
      </svg>
    </div>
  </div>
</div>
`;

exports[`DashboardLayout returns loading when no user available 1`] = `
<div>
  <div
    class="flex h-screen text-sm place-content-center place-items-center"
  >
    <div
      class="flex h-full text-sm place-content-center place-items-center"
    >
      <svg
        class="text-3xl animate-spin"
        fill="currentColor"
        height="1em"
        stroke="currentColor"
        stroke-width="0"
        viewBox="0 0 24 24"
        width="1em"
        xmlns="http://www.w3.org/2000/svg"
      >
        <path
          d="M2 11h5v2H2zm15 0h5v2h-5zm-6 6h2v5h-2zm0-15h2v5h-2zM4.222 5.636l1.414-1.414 3.536 3.536-1.414 1.414zm15.556 12.728-1.414 1.414-3.536-3.536 1.414-1.414zm-12.02-3.536 1.414 1.414-3.536 3.536-1.414-1.414zm7.07-7.071 3.536-3.535 1.414 1.415-3.536 3.535z"
        />
      </svg>
    </div>
  </div>
</div>
`;
