// Jest Snapshot v1, https://goo.gl/fbAQLP

exports[`CommoditiesPage renders as expected 1`] = `
<div>
  <div
    class="header"
  >
    <span
      class="title"
    >
      Commodities
    </span>
    <div
      class="ml-auto mr-3"
    >
      <div
        data-testid="FormButton"
      >
        <div
          data-testid="CommodityForm"
        />
      </div>
    </div>
  </div>
  <div
    class="header"
  >
    <span
      class="title text-lg"
    >
      Currencies
    </span>
  </div>
  <div
    class="grid grid-cols-3 md:grid-cols-10"
  >
    <div
      data-testid="CommodityCard"
    />
  </div>
  <div
    class="header"
  >
    <span
      class="title text-lg"
    >
      Financial
    </span>
  </div>
  <div
    class="grid grid-cols-3 md:grid-cols-10"
  >
    <div
      data-testid="CommodityCard"
    />
  </div>
  <div
    class="header"
  >
    <span
      class="title text-lg"
    >
      Other
    </span>
  </div>
  <div
    class="grid grid-cols-3 md:grid-cols-10"
  >
    <div
      data-testid="CommodityCard"
    />
  </div>
</div>
`;
