// Jest Snapshot v1, https://goo.gl/fbAQLP

exports[`LeftSidebar renders as expected 1`] = `
<div>
  <div
    class="fixed bg-dark-700 text-center h-screen pt-20 w-20 z-1"
  >
    <a
      class="fixed block top-0 h-20 w-20 z-2"
      href="/"
    >
      <span
        class="flex justify-center items-center h-20"
      >
        <img
          alt="logo"
          data-nimg="1"
          decoding="async"
          height="45"
          loading="lazy"
          src="/_next/image?url=%2Fimg.jpg&w=96&q=75"
          srcset="/_next/image?url=%2Fimg.jpg&w=48&q=75 1x, /_next/image?url=%2Fimg.jpg&w=96&q=75 2x"
          style="color: transparent;"
          width="45"
        />
      </span>
    </a>
    <ul>
      <li
        class="group h-12 text-slate-400 hover:bg-cyan-700 hover:text-white hover:w-64 hover:rounded-r-sm"
      >
        <a
          class="flex items-center text-inherit hover:text-inherit h-full px-8 py-4"
          href="/dashboard/accounts"
        >
          <span
            class="mr-8 text-white"
          >
            <svg
              class="text-xl"
              fill="currentColor"
              height="1em"
              stroke="currentColor"
              stroke-width="0"
              viewBox="0 0 24 24"
              width="1em"
              xmlns="http://www.w3.org/2000/svg"
            >
              <path
                d="M5 22h14a2 2 0 0 0 2-2v-9a1 1 0 0 0-.29-.71l-8-8a1 1 0 0 0-1.41 0l-8 8A1 1 0 0 0 3 11v9a2 2 0 0 0 2 2zm5-2v-5h4v5zm-5-8.59 7-7 7 7V20h-3v-5a2 2 0 0 0-2-2h-4a2 2 0 0 0-2 2v5H5z"
              />
            </svg>
          </span>
          <span
            class="hidden group-hover:inline-block ml-1"
          >
            Home
          </span>
        </a>
        <span />
      </li>
      <li
        class="group h-12 text-slate-400 hover:bg-cyan-700 hover:text-white hover:w-64 hover:rounded-r-sm"
      >
        <a
          class="flex items-center text-inherit hover:text-inherit h-full px-8 py-4"
          href="/dashboard/investments"
        >
          <span
            class="mr-8 "
          >
            <svg
              class="text-xl"
              fill="currentColor"
              height="1em"
              stroke="currentColor"
              stroke-width="0"
              viewBox="0 0 24 24"
              width="1em"
              xmlns="http://www.w3.org/2000/svg"
            >
              <path
                d="M3 3v17a1 1 0 0 0 1 1h17v-2H5V3H3z"
              />
              <path
                d="M15.293 14.707a.999.999 0 0 0 1.414 0l5-5-1.414-1.414L16 12.586l-2.293-2.293a.999.999 0 0 0-1.414 0l-5 5 1.414 1.414L13 12.414l2.293 2.293z"
              />
            </svg>
          </span>
          <span
            class="hidden group-hover:inline-block ml-1"
          >
            Investments
          </span>
        </a>
        <span />
      </li>
    </ul>
  </div>
</div>
`;
