// Jest Snapshot v1, https://goo.gl/fbAQLP

exports[`Topbar renders as expected 1`] = `
<div>
  <div
    class="grid grid-cols-12 bg-white dark:bg-dark-700 shadow-sm h-20 fixed z-10 top-0 px-6 left-20 right-0"
  >
    <div
      class="col-span-3"
    >
      <div
        data-testid="accountSelector"
      />
    </div>
    <div
      class="col-span-9"
    >
      <div
        class="flex h-full items-center justify-end"
      >
        <div
          class="px-2"
        >
          <div
            data-testid="SaveButton"
          />
        </div>
        <div
          class="px-2"
        >
          <div
            data-testid="ThemeButton"
          />
        </div>
        <div
          data-testid="ProfileDropdown"
        />
      </div>
    </div>
  </div>
</div>
`;
