// Jest Snapshot v1, https://goo.gl/fbAQLP

exports[`Topbar renders as expected 1`] = `
<div>
  <div
    class="flex justify-end lg:justify-between items-center bg-white dark:bg-dark-700 shadow-sm h-20 fixed z-10 top-0 pl-6 left-20 right-0"
  >
    <div
      class="hidden lg:inline-block lg:w-1/4"
    >
      <div
        data-testid="accountSelector"
      />
    </div>
    <div
      class="flex h-full gap-x-4 items-center"
    >
      <span
        class="hidden lg:inline-block"
      >
        <div
          data-testid="DateRangeInput"
        />
      </span>
      <span
        class="hidden lg:inline-block"
      >
        <div
          data-testid="SaveButton"
        />
      </span>
      <div
        class="hidden lg:inline-block"
      >
        <div
          data-testid="ThemeButton"
        />
      </div>
      <div
        class="h-full justify-self-end"
      >
        <div
          data-testid="ProfileDropdown"
        />
      </div>
    </div>
  </div>
</div>
`;
