// Jest Snapshot v1, https://goo.gl/fbAQLP

exports[`InvestmentPlaceholderInfo renders with data 1`] = `
<div>
  <div
    class="grid md:grid-cols-12 auto-cols-fr mt-4"
  >
    <div
      class="md:col-span-4 mt-2"
    >
      <div
        data-testid="WeightsChart"
      />
    </div>
    <div
      class="md:col-span-8"
    >
      <div
        class="grid md:grid-cols-12 auto-cols-fr"
      >
        <div
          class="md:col-span-4"
        >
          <div
            data-testid="StatisticsWidget"
          />
        </div>
        <div
          class="md:col-span-4"
        >
          <div
            data-testid="StatisticsWidget"
          />
        </div>
        <div
          class="md:col-span-4"
        >
          <div
            data-testid="StatisticsWidget"
          />
        </div>
      </div>
      <div
        class="card"
      >
        <div
          data-testid="DividendChart"
        />
      </div>
    </div>
  </div>
  <div
    class="py-4"
  >
    <div
      data-testid="InvestmentsTable"
    />
  </div>
</div>
`;
