// Jest Snapshot v1, https://goo.gl/fbAQLP

exports[`CommodityPage renders as expected with commodity 1`] = `
<div>
  <div
    class="header"
  >
    <span
      class="title"
    >
      EUR
    </span>
    <div
      class="ml-auto"
    >
      <div
        class="flex gap-1"
      >
        <div
          data-testid="FormButton"
        >
          <div
            data-testid="PriceForm"
          />
        </div>
        <div
          data-testid="FormButton"
        >
          <div
            data-testid="CommodityForm"
          />
        </div>
        <div
          data-testid="FormButton"
        >
          <div
            data-testid="CommodityForm"
          />
        </div>
      </div>
    </div>
  </div>
  <div>
    <div>
      <div
        class="header"
      >
        <span
          class="title text-lg"
        >
          EUR - 
          <a
            href="/dashboard/commodities/c1"
          >
            USD
          </a>
           
          price data
        </span>
      </div>
      <div
        class="grid grid-cols-12 card"
      >
        <div
          class="col-span-7"
        >
          <div
            data-testid="PricesChart"
          />
        </div>
        <div
          class="col-span-5"
        >
          <div
            data-testid="PricesTable"
          />
        </div>
      </div>
    </div>
    <div>
      <div
        class="header"
      >
        <span
          class="title text-lg"
        >
          EUR - 
          <a
            href="/dashboard/commodities/c2"
          >
            SGD
          </a>
           
          price data
        </span>
      </div>
      <div
        class="grid grid-cols-12 card"
      >
        <div
          class="col-span-7"
        >
          <div
            data-testid="PricesChart"
          />
        </div>
        <div
          class="col-span-5"
        >
          <div
            data-testid="PricesTable"
          />
        </div>
      </div>
    </div>
  </div>
</div>
`;

exports[`CommodityPage shows commodity not found message 1`] = `
<div>
  <div
    class="flex h-screen text-sm place-content-center place-items-center"
  >
    Commodity unknown does not exist
  </div>
</div>
`;
