// Jest Snapshot v1, https://goo.gl/fbAQLP

exports[`AddTransactionButton opens modal when clicking the button 1`] = `
<div
  class="Modal"
  data-testid="modal"
>
  <span>
    bound dispatchSetState
  </span>
  <span>
    open: true
  </span>
  <span>
    Add transaction
  </span>
  <div
    class="TransactionForm"
  >
    <span>
      onSave
    </span>
    <span>
      {"guid":"guid","path":"account:path"}
    </span>
  </div>
</div>
`;
