// Jest Snapshot v1, https://goo.gl/fbAQLP

exports[`CommodityCard renders as expected without warning when prices for CURRENCY 1`] = `
<div>
  <a
    class="card col-span-2 cursor-pointer hover:shadow-lg text-slate-400 dark:hover:text-white"
    href="/dashboard/commodities/undefined"
  >
    <div
      class="flex items-center"
    >
      <svg
        class="mr-1"
        fill="currentColor"
        height="1em"
        stroke="currentColor"
        stroke-width="0"
        viewBox="0 0 24 24"
        width="1em"
        xmlns="http://www.w3.org/2000/svg"
      >
        <path
          d="M21 4H3a1 1 0 0 0-1 1v14a1 1 0 0 0 1 1h18a1 1 0 0 0 1-1V5a1 1 0 0 0-1-1zm-1 11a3 3 0 0 0-3 3H7a3 3 0 0 0-3-3V9a3 3 0 0 0 3-3h10a3 3 0 0 0 3 3v6z"
        />
        <path
          d="M12 8c-2.206 0-4 1.794-4 4s1.794 4 4 4 4-1.794 4-4-1.794-4-4-4zm0 6c-1.103 0-2-.897-2-2s.897-2 2-2 2 .897 2 2-.897 2-2 2z"
        />
      </svg>
      EUR
    </div>
  </a>
</div>
`;
