// Jest Snapshot v1, https://goo.gl/fbAQLP

exports[`Modal renders as expected 1`] = `
<div>
  <div
    class="fixed inset-0 bg-white bg-opacity-30 overflow-y-auto h-full w-full z-50"
    id="my-modal"
  >
    <div
      class="relative top-20 mx-auto p-5 w-1/3 shadow-lg rounded-md bg-gunmetal-700"
    >
      <button
        class="float-right"
        type="button"
      >
        X
      </button>
      <div
        class="w-full pb-4 border-b border-gunmetal-600"
      >
        <span
          class="text-lg"
        >
          title
        </span>
      </div>
      <div />
    </div>
  </div>
</div>
`;
