// Jest Snapshot v1, https://goo.gl/fbAQLP

exports[`AccountPage displays loading while accounts is empty 1`] = `
<div>
  <div>
    Loading...
  </div>
</div>
`;

exports[`AccountPage renders as expected with account 1`] = `
<div>
  <div
    class="grid grid-cols-12 items-center pb-4"
  >
    <span
      class="col-span-10"
    >
      <span
        class="text-xl font-medium badge"
      >
        path
         
        account
      </span>
    </span>
    <div
      class="col-span-2 col-end-13 justify-self-end"
    >
      <div
        data-testid="TransactionFormButton"
      />
    </div>
  </div>
  <div
    class="grid grid-cols-12"
  >
    <div
      class="col-span-6"
    >
      <div
        class="grid grid-cols-12"
      >
        <div
          class="col-span-6"
        >
          <div
            class="mr-6 bg-gunmetal-700 rounded-sm p-6"
          >
            <p>
              You have a total of
            </p>
            <p
              class=" text-2xl font-semibold my-3"
            >
              €100.00
            </p>
            <span
              class="text-sm"
            >
              with an average of €100.00 per month
            </span>
          </div>
        </div>
        <div
          class="col-span-6"
        >
          <div
            class="mr-6 bg-gunmetal-700 rounded-sm p-6"
          >
            <p>
              This year you have
            </p>
            <p
              class=" text-2xl font-semibold my-3"
            >
              €100.00
            </p>
            <span
              class="text-sm"
            >
              in this account
            </span>
          </div>
        </div>
        <div
          class="col-span-12 bg-gunmetal-700 rounded-sm p-6 my-6 mr-6"
        >
          <div
            data-testid="TotalLineChart"
          />
        </div>
      </div>
    </div>
    <div
      class="col-span-6 bg-gunmetal-700 rounded-sm mb-6 p-4"
    >
      <div
        class="flex h-full items-center"
      >
        <div
          data-testid="SplitsHistogram"
        />
      </div>
    </div>
  </div>
  <div
    data-testid="TransactionsTable"
  />
</div>
`;
