// Jest Snapshot v1, https://goo.gl/fbAQLP

exports[`AccountPage displays loading while accounts is empty 1`] = `
<div>
  <div>
    <div
      data-testid="Loading"
    />
  </div>
</div>
`;

exports[`AccountPage renders as expected with account 1`] = `
<div>
  <div
    class="header"
  >
    <span
      class="title"
    >
      <span
        class="text-xl font-medium badge"
      >
        path
         
        account
      </span>
    </span>
    <div
      class="ml-auto"
    >
      <div
        class="flex gap-1"
      >
        <div
          data-testid="TransactionFormButton"
        />
        <button
          class="btn btn-primary"
          id="add-account"
          type="button"
        >
          <svg
            fill="currentColor"
            height="1em"
            stroke="currentColor"
            stroke-width="0"
            viewBox="0 0 24 24"
            width="1em"
            xmlns="http://www.w3.org/2000/svg"
          >
            <path
              d="m7 17.013 4.413-.015 9.632-9.54c.378-.378.586-.88.586-1.414s-.208-1.036-.586-1.414l-1.586-1.586c-.756-.756-2.075-.752-2.825-.003L7 12.583v4.43zM18.045 4.458l1.589 1.583-1.597 1.582-1.586-1.585 1.594-1.58zM9 13.417l6.03-5.973 1.586 1.586-6.029 5.971L9 15.006v-1.589z"
            />
            <path
              d="M5 21h14c1.103 0 2-.897 2-2v-8.668l-2 2V19H8.158c-.026 0-.053.01-.079.01-.033 0-.066-.009-.1-.01H5V5h6.847l2-2H5c-1.103 0-2 .897-2 2v14c0 1.103.897 2 2 2z"
            />
          </svg>
        </button>
      </div>
    </div>
  </div>
  <div
    class="grid grid-cols-12"
  >
    <div
      class="col-span-6"
    >
      <div
        class="grid grid-cols-12"
      >
        <div
          class="col-span-6"
        >
          <div
            class="card mr-2 p-6"
          >
            <p>
              You have a total of
            </p>
            <p
              class=" text-2xl font-semibold my-3"
            >
              €100.00
            </p>
            <span
              class="text-sm"
            >
              with an average of €100.00 per month
            </span>
          </div>
        </div>
        <div
          class="col-span-6"
        >
          <div
            class="card  p-6"
          >
            <p>
              This year you have
            </p>
            <p
              class=" text-2xl font-semibold my-3"
            >
              €100.00
            </p>
            <span
              class="text-sm"
            >
              in this account
            </span>
          </div>
        </div>
        <div
          class="card col-span-12"
        >
          <div
            data-testid="TotalLineChart"
          />
        </div>
      </div>
    </div>
    <div
      class="card col-span-6"
    >
      <div
        class="flex h-full items-center"
      >
        <div
          data-testid="SplitsHistogram"
        />
      </div>
    </div>
  </div>
  <div
    class="card p-0 mt-4 bg-light-100 dark:bg-dark-800"
  >
    <div
      data-testid="TransactionsTable"
    />
  </div>
</div>
`;
