// Jest Snapshot v1, https://goo.gl/fbAQLP

exports[`AddTxDropdown renders as expected 1`] = `
<div>
  <div
    class="group relative h-full"
  >
    <button
      class="group-hover:bg-cyan-700/80 dark:group-hover:bg-cyan-600 flex h-full w-full items-center btn btn-primary"
      type="button"
    >
      <svg
        class="mr-1"
        fill="currentColor"
        height="1em"
        stroke="currentColor"
        stroke-width="0"
        viewBox="0 0 24 24"
        width="1em"
        xmlns="http://www.w3.org/2000/svg"
      >
        <path
          d="M13 7h-2v4H7v2h4v4h2v-4h4v-2h-4z"
        />
        <path
          d="M12 2C6.486 2 2 6.486 2 12s4.486 10 10 10 10-4.486 10-10S17.514 2 12 2zm0 18c-4.411 0-8-3.589-8-8s3.589-8 8-8 8 3.589 8 8-3.589 8-8 8z"
        />
      </svg>
      Add
    </button>
    <ul
      class="absolute rounded-md w-40 hidden py-2 group-hover:block bg-white dark:bg-dark-800 "
    >
      <li
        class="text-sm hover:bg-light-100 dark:hover:bg-dark-700"
      >
        <div
          data-testid="FormButton"
        >
          <div
            data-testid="TransactionForm"
          />
        </div>
      </li>
    </ul>
  </div>
</div>
`;
