// Jest Snapshot v1, https://goo.gl/fbAQLP

exports[`ImportButton renders as expected 1`] = `
<div>
  <div
    data-testid="Modal"
  >
    <div
      class="grid grid-cols-2 justify-center mt-5"
    >
      <div
        data-testid="DBImportButton"
      />
      <div
        data-testid="PlaidImportButton"
      />
    </div>
  </div>
</div>
`;
