// Jest Snapshot v1, https://goo.gl/fbAQLP

exports[`ReportsDropdown renders as expected 1`] = `
<div>
  <div
    class="group relative h-full"
  >
    <button
      class="group-hover:bg-cyan-700/80 dark:group-hover:bg-cyan-600 flex h-full w-full items-center btn btn-primary"
      type="button"
    >
      <svg
        class="mr-1"
        fill="currentColor"
        height="1em"
        stroke="currentColor"
        stroke-width="0"
        viewBox="0 0 24 24"
        width="1em"
        xmlns="http://www.w3.org/2000/svg"
      >
        <path
          d="M19 4h-3V2h-2v2h-4V2H8v2H5c-1.103 0-2 .897-2 2v14c0 1.103.897 2 2 2h14c1.103 0 2-.897 2-2V6c0-1.103-.897-2-2-2zM5 20V7h14V6l.002 14H5z"
        />
        <path
          d="M7 9h10v2H7zm0 4h5v2H7z"
        />
      </svg>
      Reports
    </button>
    <ul
      class="absolute rounded-md w-40 hidden py-2 group-hover:block bg-background-800"
    >
      <li
        class="text-sm hover:bg-background-700"
      >
        <div
          data-testid="FormButton"
        >
          <div
            data-testid="IncomeExpenseStatementForm"
          />
        </div>
      </li>
    </ul>
  </div>
</div>
`;
