// Jest Snapshot v1, https://goo.gl/fbAQLP

exports[`AccountsPage passes empty data to components when no data ready 1`] = `
<div>
  <div
    class="flex items-center"
  >
    <span
      class="text-xl font-medium"
    >
      Your finances
    </span>
    <span
      class="ml-auto mr-3"
    >
      <div
        data-testid="DateRangeInput"
      />
    </span>
    <div>
      <div
        data-testid="AddAccountButton"
      />
    </div>
  </div>
  <div
    class="grid grid-cols-12 items-start items-top pb-4"
  >
    <div
      class="grid grid-cols-12 col-span-3"
    >
      <div
        class="col-span-12 p-4 mr-4 rounded-sm bg-gunmetal-700"
      >
        <div
          data-testid="NetWorthPie"
        />
      </div>
      <div
        class="col-span-12 p-4 mr-4 rounded-sm bg-gunmetal-700"
      >
        <div
          data-testid="AccountsTable"
        />
      </div>
    </div>
    <div
      class="grid grid-cols-12 col-span-9"
    >
      <div
        class="col-span-9 p-4 mb-4 h-100 mr-4 rounded-sm bg-gunmetal-700"
      >
        <div
          class="flex h-full items-center"
        >
          <div
            data-testid="NetWorthHistogram"
          />
        </div>
      </div>
      <div
        class="col-span-3 p-4 mb-4 mr-4 rounded-sm bg-gunmetal-700"
      >
        <div
          data-testid="LatestTransactions"
        />
      </div>
      <div
        class="col-span-6 p-4 mr-4 rounded-sm bg-gunmetal-700"
      >
        <div
          data-testid="MonthlyTotalHistogram"
        />
      </div>
      <div
        class="col-span-6 p-4 mr-4 rounded-sm bg-gunmetal-700"
      >
        <div
          data-testid="MonthlyTotalHistogram"
        />
      </div>
    </div>
  </div>
</div>
`;
