// Jest Snapshot v1, https://goo.gl/fbAQLP

exports[`AccountsPage shows onboarding when no data 1`] = `
<div>
  <div
    data-testid="Onboarding"
  />
  <div
    class="header"
  >
    <span
      class="title"
    >
      Dashboard
    </span>
    <span
      class="ml-auto mr-3"
    >
      <div
        data-testid="DateRangeInput"
      />
    </span>
    <div>
      <div
        data-testid="AccountFormButton"
      />
    </div>
  </div>
  <div
    class="grid grid-cols-12 items-start items-top"
  >
    <div
      class="grid grid-cols-12 col-span-3"
    >
      <div
        class="card col-span-12 mb-0 rounded-b-none"
      >
        <div
          data-testid="NetWorthPie"
        />
        <div
          class="mt-4"
        >
          <div
            data-testid="AccountsTable"
          />
        </div>
      </div>
    </div>
    <div
      class="grid grid-cols-12 col-span-9"
    >
      <div
        class="card col-span-9"
      >
        <div
          data-testid="NetWorthHistogram"
        />
      </div>
      <div
        class="card col-span-3"
      >
        <div
          data-testid="LatestTransactions"
        />
      </div>
      <div
        class="card col-span-6"
      >
        <div
          data-testid="MonthlyTotalHistogram"
        />
      </div>
      <div
        class="card col-span-6"
      >
        <div
          data-testid="MonthlyTotalHistogram"
        />
      </div>
    </div>
  </div>
</div>
`;
